// Jest Snapshot v1, https://goo.gl/fbAQLP

exports[`App renders correctly 1`] = `
<div>
  <h2>
    Gift Giver
  </h2>
  <div
    className="gift-list"
  />
  <button
    className="btn-add btn btn-primary"
    disabled={false}
    onClick={[Function]}
    type="button"
  >
    Add Gift
  </button>
</div>
`;
